// Vitest Snapshot v1

exports[`TabviewGeneral.vue > renders props.msg when passed 1`] = `
"<div class=\\"tabviewGeneral\\">
  <anonymous-stub></anonymous-stub>
  <profile-infos-stub userdata=\\"[object Object]\\" inactivefields=\\"\\"></profile-infos-stub>
  <timezone-stub userdata=\\"[object Object]\\"></timezone-stub>
</div>"
`;
